Unknown:
C:\Users\Michael\Desktop\Antenna_new\theor_impedance_sheet\Result\CombineResults.log
C:\Users\Michael\Desktop\Antenna_new\theor_impedance_sheet\Result\e-field (#0000)_horiz.m3t
C:\Users\Michael\Desktop\Antenna_new\theor_impedance_sheet\Result\e-field (#0000)_vert.m3t
C:\Users\Michael\Desktop\Antenna_new\theor_impedance_sheet\Result\e-field (#0000)_Zmax(1).m3t
C:\Users\Michael\Desktop\Antenna_new\theor_impedance_sheet\Result\e-field (#0000)_Zmax(2).m3t
C:\Users\Michael\Desktop\Antenna_new\theor_impedance_sheet\Result\hardware_resources.sconf
C:\Users\Michael\Desktop\Antenna_new\theor_impedance_sheet\Result\Model.log
C:\Users\Michael\Desktop\Antenna_new\theor_impedance_sheet\Result\Model.sa
C:\Users\Michael\Desktop\Antenna_new\theor_impedance_sheet\Result\Port2_e1(#0000).sct
C:\Users\Michael\Desktop\Antenna_new\theor_impedance_sheet\Result\Port2_e2(#0000).sct
C:\Users\Michael\Desktop\Antenna_new\theor_impedance_sheet\Result\Port2_eInfo1(#0000).pmf
C:\Users\Michael\Desktop\Antenna_new\theor_impedance_sheet\Result\Port2_eInfo2(#0000).pmf
C:\Users\Michael\Desktop\Antenna_new\theor_impedance_sheet\Result\Port2_eout1(#0000).sct
C:\Users\Michael\Desktop\Antenna_new\theor_impedance_sheet\Result\Port2_eout2(#0000).sct
C:\Users\Michael\Desktop\Antenna_new\theor_impedance_sheet\Result\Port2_h1(#0000).sct
C:\Users\Michael\Desktop\Antenna_new\theor_impedance_sheet\Result\Port2_h2(#0000).sct
C:\Users\Michael\Desktop\Antenna_new\theor_impedance_sheet\Result\Port2_hInfo1(#0000).pmf
C:\Users\Michael\Desktop\Antenna_new\theor_impedance_sheet\Result\Port2_hInfo2(#0000).pmf
C:\Users\Michael\Desktop\Antenna_new\theor_impedance_sheet\Result\Port2_hout1(#0000).sct
C:\Users\Michael\Desktop\Antenna_new\theor_impedance_sheet\Result\Port2_hout2(#0000).sct
C:\Users\Michael\Desktop\Antenna_new\theor_impedance_sheet\Result\Port2_p1(#0000).sct
C:\Users\Michael\Desktop\Antenna_new\theor_impedance_sheet\Result\Port2_p2(#0000).sct
C:\Users\Michael\Desktop\Antenna_new\theor_impedance_sheet\Result\Port2_pInfo1(#0000).pmf
C:\Users\Michael\Desktop\Antenna_new\theor_impedance_sheet\Result\Port2_pInfo2(#0000).pmf
C:\Users\Michael\Desktop\Antenna_new\theor_impedance_sheet\Result\Port2_pout1(#0000).sct
C:\Users\Michael\Desktop\Antenna_new\theor_impedance_sheet\Result\Port2_pout2(#0000).sct
C:\Users\Michael\Desktop\Antenna_new\theor_impedance_sheet\Result\SolCoef(#0000)_horiz.scf
C:\Users\Michael\Desktop\Antenna_new\theor_impedance_sheet\Result\SolCoef(#0000)_vert.scf
C:\Users\Michael\Desktop\Antenna_new\theor_impedance_sheet\Result\SolCoef(#0000)_Zmax(1).scf
C:\Users\Michael\Desktop\Antenna_new\theor_impedance_sheet\Result\SolCoef(#0000)_Zmax(2).scf
Mesh:
C:\Users\Michael\Desktop\Antenna_new\theor_impedance_sheet\Result\3do.slim
C:\Users\Michael\Desktop\Antenna_new\theor_impedance_sheet\Result\log.tet
C:\Users\Michael\Desktop\Antenna_new\theor_impedance_sheet\Result\Mesh_Input.Entities2Mesh.tet
C:\Users\Michael\Desktop\Antenna_new\theor_impedance_sheet\Result\Mesh_Input.Options.tet
C:\Users\Michael\Desktop\Antenna_new\theor_impedance_sheet\Result\Mesh_Input.QuasiModel.tet
C:\Users\Michael\Desktop\Antenna_new\theor_impedance_sheet\Result\Mesh_Output.QuasiModel.tet
C:\Users\Michael\Desktop\Antenna_new\theor_impedance_sheet\Result\Mesh_Output.U2F.tet
C:\Users\Michael\Desktop\Antenna_new\theor_impedance_sheet\Result\mir.tet
C:\Users\Michael\Desktop\Antenna_new\theor_impedance_sheet\Result\moegeom.tet
C:\Users\Michael\Desktop\Antenna_new\theor_impedance_sheet\Result\Port2.slim
C:\Users\Michael\Desktop\Antenna_new\theor_impedance_sheet\Result\reftags.tet
C:\Users\Michael\Desktop\Antenna_new\theor_impedance_sheet\Result\tetquality.tet
C:\Users\Michael\Desktop\Antenna_new\theor_impedance_sheet\Result\topot.tet
Port:
C:\Users\Michael\Desktop\Antenna_new\theor_impedance_sheet\Result\Model.pmi
